<?xml version="1.0" encoding="UTF-8"?>
<testsuites name="jest tests" tests="1" failures="0" errors="0" time="9.858">
  <testsuite name="hic-egress-request" errors="0" failures="0" skipped="0" timestamp="2026-07-20T09:07:36" time="1.775" tests="1">
    <testcase classname="hic-egress-request should be tested" name="hic-egress-request should be tested" time="0.001">
    </testcase>
  </testsuite>
</testsuites>